// Jest Snapshot v1, https://goo.gl/fbAQLP

exports[`doesn't work without children 1`] = `"React.Children.only expected to receive a single React element child."`;

exports[`doesn't work without giving appState 1`] = `"react-appstate: Provider Expected the appState to be a PlainObject"`;

exports[`work fine with PlainObject appState 1`] = `
<div>
  elm
</div>
`;

exports[`work fine with PlainObject appState 2`] = `
<div>
  elm
</div>
`;

exports[`work fine with PlainObject appState 3`] = `
<div>
  elm
</div>
`;

exports[`work fine with PlainObject appState 4`] = `
<div>
  elm
</div>
`;
